###############################################################################
#
# IAR ELF Linker V9.20.1.318/W64 for ARM                  16/Jan/2026  10:19:26
# Copyright 2007-2021 IAR Systems AB.
#
#    Output file  =  C:\Users\a.alekseev\Documents\F030\EWARM\F030\Exe\F030.out
#    Map file     =
#        C:\Users\a.alekseev\Documents\F030\EWARM\F030\List\F030.map
#    Command line =
#        -f C:\Users\a.alekseev\Documents\F030\EWARM\F030\Exe\F030.out.rsp
#        (C:\Users\a.alekseev\Documents\F030\EWARM\F030\Obj\Application\User\Core\gpio.o
#        C:\Users\a.alekseev\Documents\F030\EWARM\F030\Obj\Application\User\Core\main.o
#        C:\Users\a.alekseev\Documents\F030\EWARM\F030\Obj\Application\EWARM\startup_stm32f030x6.o
#        C:\Users\a.alekseev\Documents\F030\EWARM\F030\Obj\Drivers\STM32F0xx_HAL_Driver\stm32f0xx_hal.o
#        C:\Users\a.alekseev\Documents\F030\EWARM\F030\Obj\Drivers\STM32F0xx_HAL_Driver\stm32f0xx_hal_cortex.o
#        C:\Users\a.alekseev\Documents\F030\EWARM\F030\Obj\Drivers\STM32F0xx_HAL_Driver\stm32f0xx_hal_dma.o
#        C:\Users\a.alekseev\Documents\F030\EWARM\F030\Obj\Drivers\STM32F0xx_HAL_Driver\stm32f0xx_hal_exti.o
#        C:\Users\a.alekseev\Documents\F030\EWARM\F030\Obj\Drivers\STM32F0xx_HAL_Driver\stm32f0xx_hal_flash.o
#        C:\Users\a.alekseev\Documents\F030\EWARM\F030\Obj\Drivers\STM32F0xx_HAL_Driver\stm32f0xx_hal_flash_ex.o
#        C:\Users\a.alekseev\Documents\F030\EWARM\F030\Obj\Drivers\STM32F0xx_HAL_Driver\stm32f0xx_hal_gpio.o
#        C:\Users\a.alekseev\Documents\F030\EWARM\F030\Obj\Drivers\STM32F0xx_HAL_Driver\stm32f0xx_hal_i2c.o
#        C:\Users\a.alekseev\Documents\F030\EWARM\F030\Obj\Drivers\STM32F0xx_HAL_Driver\stm32f0xx_hal_i2c_ex.o
#        C:\Users\a.alekseev\Documents\F030\EWARM\F030\Obj\Application\User\Core\stm32f0xx_hal_msp.o
#        C:\Users\a.alekseev\Documents\F030\EWARM\F030\Obj\Drivers\STM32F0xx_HAL_Driver\stm32f0xx_hal_pwr.o
#        C:\Users\a.alekseev\Documents\F030\EWARM\F030\Obj\Drivers\STM32F0xx_HAL_Driver\stm32f0xx_hal_pwr_ex.o
#        C:\Users\a.alekseev\Documents\F030\EWARM\F030\Obj\Drivers\STM32F0xx_HAL_Driver\stm32f0xx_hal_rcc.o
#        C:\Users\a.alekseev\Documents\F030\EWARM\F030\Obj\Drivers\STM32F0xx_HAL_Driver\stm32f0xx_hal_rcc_ex.o
#        C:\Users\a.alekseev\Documents\F030\EWARM\F030\Obj\Drivers\STM32F0xx_HAL_Driver\stm32f0xx_hal_tim.o
#        C:\Users\a.alekseev\Documents\F030\EWARM\F030\Obj\Drivers\STM32F0xx_HAL_Driver\stm32f0xx_hal_tim_ex.o
#        C:\Users\a.alekseev\Documents\F030\EWARM\F030\Obj\Application\User\Core\stm32f0xx_it.o
#        C:\Users\a.alekseev\Documents\F030\EWARM\F030\Obj\Drivers\CMSIS\system_stm32f0xx.o
#        C:\Users\a.alekseev\Documents\F030\EWARM\F030\Obj\Application\User\Core\tim.o
#        --no_out_extension -o
#        C:\Users\a.alekseev\Documents\F030\EWARM\F030\Exe\F030.out --redirect
#        _Printf=_PrintfFullNoMb --redirect _Scanf=_ScanfFullNoMb --map
#        C:\Users\a.alekseev\Documents\F030\EWARM\F030\List\F030.map --config
#        C:\Users\a.alekseev\Documents\F030\EWARM/stm32f030x6_flash.icf
#        --semihosting --entry __iar_program_start --vfe --text_out locale)
#
###############################################################################

*******************************************************************************
*** RUNTIME MODEL ATTRIBUTES
***

CppFlavor       = *
__CPP_Runtime   = 1
__SystemLibrary = DLib
__dlib_version  = 6


*******************************************************************************
*** HEAP SELECTION
***

The basic heap was selected because no calls to memory allocation
functions were found in the application outside of system library
functions, and there are calls to deallocation functions in the
application.


*******************************************************************************
*** PLACEMENT SUMMARY
***

"A0":  place at address 0x800'0000 { ro section .intvec };
"P1":  place in [from 0x800'0000 to 0x800'7fff] { ro };
define block CSTACK with size = 1K, alignment = 8 { };
define block HEAP with size = 512, alignment = 8 { };
"P2":  place in [from 0x2000'0000 to 0x2000'0fff] {
          rw, block CSTACK, block HEAP };
initialize by copy { rw };

  Section            Kind         Address    Size  Object
  -------            ----         -------    ----  ------
"A0":                                        0xb0
  .intvec            ro code   0x800'0000    0xb0  startup_stm32f030x6.o [1]
                             - 0x800'00b0    0xb0

"P1":                                      0x16c7
  .text              ro code   0x800'00b0   0x684  stm32f0xx_hal_rcc.o [4]
  .text              ro code   0x800'0734     0xc  stm32f0xx_hal.o [4]
  .text              ro code   0x800'0740    0x50  stm32f0xx_hal.o [4]
  .text              ro code   0x800'0790    0xae  I32DivModFast.o [6]
  .text              ro code   0x800'083e     0x2  startup_stm32f030x6.o [1]
  .text              ro code   0x800'0840   0x11c  stm32f0xx_hal_cortex.o [4]
  .text              ro code   0x800'095c     0x2  IntDivZer.o [6]
  .text              ro code   0x800'095e     0x2  startup_stm32f030x6.o [1]
  .text              ro code   0x800'0960   0x62c  stm32f0xx_hal_tim.o [4]
  .text              ro code   0x800'0f8c   0x118  tim.o [2]
  .text              ro code   0x800'10a4     0x2  stm32f0xx_hal_tim.o [4]
  .text              ro code   0x800'10a6     0x2  stm32f0xx_hal_tim.o [4]
  .text              ro code   0x800'10a8     0x2  stm32f0xx_hal_tim.o [4]
  .text              ro code   0x800'10aa     0x2  stm32f0xx_hal_tim.o [4]
  .text              ro code   0x800'10ac     0x2  stm32f0xx_hal_tim_ex.o [4]
  .text              ro code   0x800'10ae     0x2  stm32f0xx_hal_tim.o [4]
  .text              ro code   0x800'10b0     0x2  stm32f0xx_hal_tim_ex.o [4]
  .text              ro code   0x800'10b2    0x14  memset.o [6]
  .text              ro code   0x800'10c6     0x2  startup_stm32f030x6.o [1]
  .text              ro code   0x800'10c8   0x14c  main.o [2]
  .text              ro code   0x800'1214    0x64  stm32f0xx_hal_tim_ex.o [4]
  .text              ro code   0x800'1278   0x238  stm32f0xx_hal_gpio.o [4]
  .text              ro code   0x800'14b0    0x4e  ABImemset.o [6]
  .text              ro code   0x800'14fe     0x2  startup_stm32f030x6.o [1]
  .text              ro code   0x800'1500    0x20  stm32f0xx_hal.o [4]
  .text              ro code   0x800'1520    0x50  gpio.o [2]
  .text              ro code   0x800'1570    0x34  stm32f0xx_hal_msp.o [2]
  .text              ro code   0x800'15a4    0x3c  zero_init3.o [6]
  .text              ro code   0x800'15e0    0x34  stm32f0xx_it.o [2]
  .text              ro code   0x800'1614    0x18  stm32f0xx_hal.o [4]
  .text              ro code   0x800'162c    0x30  copy_init3.o [6]
  .text              ro code   0x800'165c    0x28  data_init.o [6]
  .iar.init_table    const     0x800'1684    0x24  - Linker created -
  .text              ro code   0x800'16a8    0x1e  cmain.o [6]
  .text              ro code   0x800'16c6     0x4  low_level_init.o [5]
  .text              ro code   0x800'16ca     0x8  exit.o [5]
  .text              ro code   0x800'16d2     0x2  startup_stm32f030x6.o [1]
  .text              ro code   0x800'16d4     0xa  cexit.o [6]
  .text              ro code   0x800'16de     0x2  startup_stm32f030x6.o [1]
  .text              ro code   0x800'16e0    0x14  exit.o [7]
  .text              ro code   0x800'16f4    0x1c  cstartup_M.o [6]
  .rodata            const     0x800'1710    0x10  stm32f0xx_hal_rcc.o [4]
  .rodata            const     0x800'1720    0x10  stm32f0xx_hal_rcc.o [4]
  .rodata            const     0x800'1730    0x10  system_stm32f0xx.o [3]
  .text              ro code   0x800'1740    0x10  startup_stm32f030x6.o [1]
  Initializer bytes  const     0x800'1750     0xc  <for P2-1>
  .text              ro code   0x800'175c     0x2  startup_stm32f030x6.o [1]
  .text              ro code   0x800'175e     0x2  startup_stm32f030x6.o [1]
  .text              ro code   0x800'1760     0x2  startup_stm32f030x6.o [1]
  .text              ro code   0x800'1762     0x2  startup_stm32f030x6.o [1]
  .text              ro code   0x800'1764     0x2  startup_stm32f030x6.o [1]
  .text              ro code   0x800'1766     0x2  startup_stm32f030x6.o [1]
  .text              ro code   0x800'1768     0x2  startup_stm32f030x6.o [1]
  .text              ro code   0x800'176a     0x2  startup_stm32f030x6.o [1]
  .text              ro code   0x800'176c     0x2  startup_stm32f030x6.o [1]
  .text              ro code   0x800'176e     0x2  startup_stm32f030x6.o [1]
  .text              ro code   0x800'1770     0x2  startup_stm32f030x6.o [1]
  .text              ro code   0x800'1772     0x2  startup_stm32f030x6.o [1]
  .text              ro code   0x800'1774     0x2  system_stm32f0xx.o [3]
  .rodata            const     0x800'1776     0x1  main.o [2]
  .rodata            const     0x800'1777     0x0  zero_init3.o [6]
  .rodata            const     0x800'1777     0x0  copy_init3.o [6]
                             - 0x800'1777  0x16c7

"P2", part 1 of 3:                            0xc
  P2-1                        0x2000'0000     0xc  <Init block>
    .data            inited   0x2000'0000     0x4  stm32f0xx_hal.o [4]
    .data            inited   0x2000'0004     0x4  system_stm32f0xx.o [3]
    .data            inited   0x2000'0008     0x2  main.o [2]
    .data            inited   0x2000'000a     0x1  main.o [2]
    .data            inited   0x2000'000b     0x1  stm32f0xx_hal.o [4]
                            - 0x2000'000c     0xc

"P2", part 2 of 3:                           0x9c
  .bss               zero     0x2000'000c    0x48  tim.o [2]
  .bss               zero     0x2000'0054    0x48  tim.o [2]
  .bss               zero     0x2000'009c     0x4  main.o [2]
  .bss               zero     0x2000'00a0     0x4  stm32f0xx_hal.o [4]
  .bss               zero     0x2000'00a4     0x1  main.o [2]
                            - 0x2000'00a5    0x99

"P2", part 3 of 3:                          0x400
  CSTACK                      0x2000'00a8   0x400  <Block>
    CSTACK           uninit   0x2000'00a8   0x400  <Block tail>
                            - 0x2000'04a8   0x400

Unused ranges:

         From           To    Size
         ----           --    ----
   0x800'1777   0x800'7fff  0x6889
  0x2000'04a8  0x2000'0fff   0xb58


*******************************************************************************
*** INIT TABLE
***

          Address      Size
          -------      ----
Zero (__iar_zero_init3)
    1 destination range, total size 0x99:
          0x2000'000c  0x99

Copy (__iar_copy_init3)
    1 source range, total size 0xc:
           0x800'1750   0xc
    1 destination range, total size 0xc:
          0x2000'0000   0xc



*******************************************************************************
*** MODULE SUMMARY
***

    Module                  ro code  ro data  rw data
    ------                  -------  -------  -------
command line/config:
    -------------------------------------------------
    Total:

C:\Users\a.alekseev\Documents\F030\EWARM\F030\Obj\Application\EWARM: [1]
    startup_stm32f030x6.o       228
    -------------------------------------------------
    Total:                      228

C:\Users\a.alekseev\Documents\F030\EWARM\F030\Obj\Application\User\Core: [2]
    gpio.o                       80
    main.o                      332        4        8
    stm32f0xx_hal_msp.o          52
    stm32f0xx_it.o               52
    tim.o                       280               144
    -------------------------------------------------
    Total:                      796        4      152

C:\Users\a.alekseev\Documents\F030\EWARM\F030\Obj\Drivers\CMSIS: [3]
    system_stm32f0xx.o            2       20        4
    -------------------------------------------------
    Total:                        2       20        4

C:\Users\a.alekseev\Documents\F030\EWARM\F030\Obj\Drivers\STM32F0xx_HAL_Driver: [4]
    stm32f0xx_hal.o             148        5        9
    stm32f0xx_hal_cortex.o      284
    stm32f0xx_hal_gpio.o        568
    stm32f0xx_hal_rcc.o       1'668       32
    stm32f0xx_hal_tim.o       1'590
    stm32f0xx_hal_tim_ex.o      104
    -------------------------------------------------
    Total:                    4'362       37        9

dl6M_tln.a: [5]
    exit.o                        8
    low_level_init.o              4
    -------------------------------------------------
    Total:                       12

rt6M_tl.a: [6]
    ABImemset.o                  78
    I32DivModFast.o             174
    IntDivZer.o                   2
    cexit.o                      10
    cmain.o                      30
    copy_init3.o                 48
    cstartup_M.o                 28
    data_init.o                  40
    memset.o                     20
    zero_init3.o                 60
    -------------------------------------------------
    Total:                      490

shb_l.a: [7]
    exit.o                       20
    -------------------------------------------------
    Total:                       20

    Linker created                        36    1'024
-----------------------------------------------------
    Grand Total:              5'910       97    1'189


*******************************************************************************
*** ENTRY LIST
***

Entry                       Address   Size  Type      Object
-----                       -------   ----  ----      ------
.iar.init_table$$Base    0x800'1684          --   Gb  - Linker created -
.iar.init_table$$Limit   0x800'16a8          --   Gb  - Linker created -
?main                    0x800'16a9         Code  Gb  cmain.o [6]
AHBPrescTable            0x800'1730   0x10  Data  Gb  system_stm32f0xx.o [3]
CSTACK$$Base            0x2000'00a8          --   Gb  - Linker created -
CSTACK$$Limit           0x2000'04a8          --   Gb  - Linker created -
Error_Handler            0x800'120f    0x6  Code  Gb  main.o [2]
HAL_GPIO_Init            0x800'1279  0x1fa  Code  Gb  stm32f0xx_hal_gpio.o [4]
HAL_GPIO_WritePin        0x800'1473   0x1a  Code  Gb  stm32f0xx_hal_gpio.o [4]
HAL_GetTick              0x800'0735    0xc  Code  Wk  stm32f0xx_hal.o [4]
HAL_IncTick              0x800'1615   0x18  Code  Wk  stm32f0xx_hal.o [4]
HAL_Init                 0x800'1501   0x1a  Code  Gb  stm32f0xx_hal.o [4]
HAL_InitTick             0x800'0741   0x50  Code  Wk  stm32f0xx_hal.o [4]
HAL_MspInit              0x800'1571   0x34  Code  Gb  stm32f0xx_hal_msp.o [2]
HAL_NVIC_EnableIRQ       0x800'092b    0xe  Code  Gb  stm32f0xx_hal_cortex.o [4]
HAL_NVIC_SetPriority     0x800'0917   0x14  Code  Gb  stm32f0xx_hal_cortex.o [4]
HAL_RCC_ClockConfig      0x800'0571  0x128  Code  Gb  stm32f0xx_hal_rcc.o [4]
HAL_RCC_GetSysClockFreq
                         0x800'06ad   0x5a  Code  Gb  stm32f0xx_hal_rcc.o [4]
HAL_RCC_GetSysClockFreq::aPLLMULFactorTable
                         0x800'1710   0x10  Data  Lc  stm32f0xx_hal_rcc.o [4]
HAL_RCC_GetSysClockFreq::aPredivFactorTable
                         0x800'1720   0x10  Data  Lc  stm32f0xx_hal_rcc.o [4]
HAL_RCC_OscConfig        0x800'00b1  0x4ac  Code  Gb  stm32f0xx_hal_rcc.o [4]
HAL_SYSTICK_Config       0x800'0939    0xc  Code  Gb  stm32f0xx_hal_cortex.o [4]
HAL_TIMEx_BreakCallback
                         0x800'10ad    0x2  Code  Wk  stm32f0xx_hal_tim_ex.o [4]
HAL_TIMEx_CommutCallback
                         0x800'10b1    0x2  Code  Wk  stm32f0xx_hal_tim_ex.o [4]
HAL_TIMEx_MasterConfigSynchronization
                         0x800'1215   0x5c  Code  Gb  stm32f0xx_hal_tim_ex.o [4]
HAL_TIM_IRQHandler       0x800'0aa5  0x176  Code  Gb  stm32f0xx_hal_tim.o [4]
HAL_TIM_MspPostInit      0x800'103b   0x4c  Code  Gb  tim.o [2]
HAL_TIM_PWM_ConfigChannel
                         0x800'0c1b   0xfc  Code  Gb  stm32f0xx_hal_tim.o [4]
HAL_TIM_PWM_Init         0x800'0961   0x5c  Code  Gb  stm32f0xx_hal_tim.o [4]
HAL_TIM_PWM_MspInit      0x800'100b   0x30  Code  Gb  tim.o [2]
HAL_TIM_PWM_Start        0x800'09bd   0xd8  Code  Gb  stm32f0xx_hal_tim.o [4]
HardFault_Handler        0x800'15e5    0x4  Code  Gb  stm32f0xx_it.o [2]
MAX_MIN_ARR             0x2000'0008    0x2  Data  Gb  main.o [2]
MX_GPIO_Init             0x800'1521   0x50  Code  Gb  gpio.o [2]
MX_TIM3_Init             0x800'0f8d   0x7e  Code  Gb  tim.o [2]
NMI_Handler              0x800'15e1    0x4  Code  Gb  stm32f0xx_it.o [2]
PendSV_Handler           0x800'15eb    0x2  Code  Gb  stm32f0xx_it.o [2]
Region$$Table$$Base      0x800'1684          --   Gb  - Linker created -
Region$$Table$$Limit     0x800'16a8          --   Gb  - Linker created -
SVC_Handler              0x800'15e9    0x2  Code  Gb  stm32f0xx_it.o [2]
SysTick_Config           0x800'08e5   0x32  Code  Lc  stm32f0xx_hal_cortex.o [4]
SysTick_Handler          0x800'15ed    0x8  Code  Gb  stm32f0xx_it.o [2]
SystemClock_Config       0x800'11b1   0x5e  Code  Gb  main.o [2]
SystemCoreClock         0x2000'0004    0x4  Data  Gb  system_stm32f0xx.o [3]
SystemInit               0x800'1775    0x2  Code  Gb  system_stm32f0xx.o [3]
TIM14_IRQHandler         0x800'15ff    0xe  Code  Gb  stm32f0xx_it.o [2]
TIM3_IRQHandler          0x800'15f5    0xa  Code  Gb  stm32f0xx_it.o [2]
TIM3_Set_Arr             0x800'1087    0xe  Code  Gb  tim.o [2]
TIM_Base_SetConfig       0x800'0d1d   0x7a  Code  Gb  stm32f0xx_hal_tim.o [4]
TIM_CCxChannelCmd        0x800'0f69   0x24  Code  Gb  stm32f0xx_hal_tim.o [4]
TIM_OC1_SetConfig        0x800'0d97   0x70  Code  Lc  stm32f0xx_hal_tim.o [4]
TIM_OC2_SetConfig        0x800'0e07   0x6e  Code  Gb  stm32f0xx_hal_tim.o [4]
TIM_OC3_SetConfig        0x800'0e75   0x6a  Code  Lc  stm32f0xx_hal_tim.o [4]
TIM_OC4_SetConfig        0x800'0edf   0x50  Code  Lc  stm32f0xx_hal_tim.o [4]
__ICFEDIT_region_RAM_end__ {Abs}
                        0x2000'0fff         Data  Gb  <internal module>
__ICFEDIT_region_RAM_start__ {Abs}
                        0x2000'0000         Data  Gb  <internal module>
__NVIC_EnableIRQ         0x800'0841   0x18  Code  Lc  stm32f0xx_hal_cortex.o [4]
__NVIC_SetPriority       0x800'0859   0x8c  Code  Lc  stm32f0xx_hal_cortex.o [4]
__aeabi_idiv0            0x800'095d         Code  Gb  IntDivZer.o [6]
__aeabi_memset           0x800'14b1         Code  Gb  ABImemset.o [6]
__aeabi_uidiv            0x800'0791         Code  Gb  I32DivModFast.o [6]
__aeabi_uidivmod         0x800'0791         Code  Gb  I32DivModFast.o [6]
__cmain                  0x800'16a9         Code  Gb  cmain.o [6]
__exit                   0x800'16e1   0x14  Code  Gb  exit.o [7]
__iar_Memset4_word       0x800'14d1         Code  Gb  ABImemset.o [6]
__iar_Memset_word        0x800'14bd         Code  Gb  ABImemset.o [6]
__iar_copy_init3         0x800'162d   0x30  Code  Gb  copy_init3.o [6]
__iar_data_init3         0x800'165d   0x28  Code  Gb  data_init.o [6]
__iar_program_start      0x800'16f5         Code  Gb  cstartup_M.o [6]
__iar_zero_init3         0x800'15a5   0x3c  Code  Gb  zero_init3.o [6]
__low_level_init         0x800'16c7    0x4  Code  Gb  low_level_init.o [5]
__vector_table           0x800'0000         Data  Gb  startup_stm32f030x6.o [1]
_call_main               0x800'16b5         Code  Gb  cmain.o [6]
_exit                    0x800'16d5         Code  Gb  cexit.o [6]
curr_freq               0x2000'000a    0x1  Data  Lc  main.o [2]
direct_dev              0x2000'00a4    0x1  Data  Gb  main.o [2]
exit                     0x800'16cb    0x8  Code  Gb  exit.o [5]
htim14                  0x2000'0054   0x48  Data  Gb  tim.o [2]
htim3                   0x2000'000c   0x48  Data  Gb  tim.o [2]
main                     0x800'114f   0x4c  Code  Gb  main.o [2]
memset                   0x800'10b3   0x14  Code  Gb  memset.o [6]
stepFreq                 0x800'10c9   0x86  Code  Gb  main.o [2]
step_freq                0x800'1776    0x1  Data  Gb  main.o [2]
tick                    0x2000'009c    0x4  Data  Gb  main.o [2]
uwTick                  0x2000'00a0    0x4  Data  Gb  stm32f0xx_hal.o [4]
uwTickFreq              0x2000'000b    0x1  Data  Gb  stm32f0xx_hal.o [4]
uwTickPrio              0x2000'0000    0x4  Data  Gb  stm32f0xx_hal.o [4]


[1] = C:\Users\a.alekseev\Documents\F030\EWARM\F030\Obj\Application\EWARM
[2] = C:\Users\a.alekseev\Documents\F030\EWARM\F030\Obj\Application\User\Core
[3] = C:\Users\a.alekseev\Documents\F030\EWARM\F030\Obj\Drivers\CMSIS
[4] = C:\Users\a.alekseev\Documents\F030\EWARM\F030\Obj\Drivers\STM32F0xx_HAL_Driver
[5] = dl6M_tln.a
[6] = rt6M_tl.a
[7] = shb_l.a

  5'910 bytes of readonly  code memory
     97 bytes of readonly  data memory
  1'189 bytes of readwrite data memory

Errors: none
Warnings: none
