###############################################################################
#
# IAR ELF Linker V9.20.1.318/W64 for ARM                  19/Feb/2026  12:45:51
# Copyright 2007-2021 IAR Systems AB.
#
#    Output file  =  C:\Users\a.alekseev\Documents\F030\EWARM\F030\Exe\F030.out
#    Map file     =
#        C:\Users\a.alekseev\Documents\F030\EWARM\F030\List\F030.map
#    Command line =
#        -f C:\Users\a.alekseev\Documents\F030\EWARM\F030\Exe\F030.out.rsp
#        (C:\Users\a.alekseev\Documents\F030\EWARM\F030\Obj\Application\User\Core\gpio.o
#        C:\Users\a.alekseev\Documents\F030\EWARM\F030\Obj\Application\User\Core\main.o
#        C:\Users\a.alekseev\Documents\F030\EWARM\F030\Obj\Application\EWARM\startup_stm32f030x6.o
#        C:\Users\a.alekseev\Documents\F030\EWARM\F030\Obj\Application\User\Core\stm32f0xx_it.o
#        C:\Users\a.alekseev\Documents\F030\EWARM\F030\Obj\Drivers\STM32F0xx_HAL_Driver\stm32f0xx_ll_dma.o
#        C:\Users\a.alekseev\Documents\F030\EWARM\F030\Obj\Drivers\STM32F0xx_HAL_Driver\stm32f0xx_ll_exti.o
#        C:\Users\a.alekseev\Documents\F030\EWARM\F030\Obj\Drivers\STM32F0xx_HAL_Driver\stm32f0xx_ll_gpio.o
#        C:\Users\a.alekseev\Documents\F030\EWARM\F030\Obj\Drivers\STM32F0xx_HAL_Driver\stm32f0xx_ll_pwr.o
#        C:\Users\a.alekseev\Documents\F030\EWARM\F030\Obj\Drivers\STM32F0xx_HAL_Driver\stm32f0xx_ll_rcc.o
#        C:\Users\a.alekseev\Documents\F030\EWARM\F030\Obj\Drivers\STM32F0xx_HAL_Driver\stm32f0xx_ll_tim.o
#        C:\Users\a.alekseev\Documents\F030\EWARM\F030\Obj\Drivers\STM32F0xx_HAL_Driver\stm32f0xx_ll_utils.o
#        C:\Users\a.alekseev\Documents\F030\EWARM\F030\Obj\Drivers\CMSIS\system_stm32f0xx.o
#        C:\Users\a.alekseev\Documents\F030\EWARM\F030\Obj\Application\User\Core\tim.o
#        --no_out_extension -o
#        C:\Users\a.alekseev\Documents\F030\EWARM\F030\Exe\F030.out --redirect
#        _Printf=_PrintfFullNoMb --redirect _Scanf=_ScanfFullNoMb --map
#        C:\Users\a.alekseev\Documents\F030\EWARM\F030\List\F030.map --config
#        C:\Users\a.alekseev\Documents\F030\EWARM/stm32f030x6_flash.icf
#        --semihosting --entry __iar_program_start --vfe --text_out locale)
#
###############################################################################

*******************************************************************************
*** RUNTIME MODEL ATTRIBUTES
***

CppFlavor       = *
__CPP_Runtime   = 1
__SystemLibrary = DLib
__dlib_version  = 6


*******************************************************************************
*** HEAP SELECTION
***

The basic heap was selected because no calls to memory allocation
functions were found in the application outside of system library
functions, and there are calls to deallocation functions in the
application.


*******************************************************************************
*** PLACEMENT SUMMARY
***

"A0":  place at address 0x800'0000 { ro section .intvec };
"P1":  place in [from 0x800'0000 to 0x800'7fff] { ro };
define block CSTACK with size = 1K, alignment = 8 { };
define block HEAP with size = 512, alignment = 8 { };
"P2":  place in [from 0x2000'0000 to 0x2000'0fff] {
          rw, block CSTACK, block HEAP };
initialize by copy { rw };

  Section            Kind         Address   Size  Object
  -------            ----         -------   ----  ------
"A0":                                       0xb0
  .intvec            ro code   0x800'0000   0xb0  startup_stm32f030x6.o [1]
                             - 0x800'00b0   0xb0

"P1":                                      0xe6f
  .text              ro code   0x800'00b0  0x404  main.o [2]
  .text              ro code   0x800'04b4   0xae  I32DivModFast.o [6]
  .text              ro code   0x800'0562   0x3e  packbits_init_single.o [6]
  .text              ro code   0x800'05a0  0x1f4  tim.o [2]
  .text              ro code   0x800'0794   0x66  gpio.o [2]
  .text              ro code   0x800'07fa    0x2  startup_stm32f030x6.o [1]
  .text              ro code   0x800'07fc   0x44  stm32f0xx_it.o [2]
  .text              ro code   0x800'0840   0x48  stm32f0xx_ll_utils.o [4]
  .text              ro code   0x800'0888    0x2  IntDivZer.o [6]
  .text              ro code   0x800'088a    0x2  startup_stm32f030x6.o [1]
  .text              ro code   0x800'088c  0x374  stm32f0xx_ll_tim.o [4]
  .text              ro code   0x800'0c00  0x134  stm32f0xx_ll_gpio.o [4]
  .text              ro code   0x800'0d34   0x14  memset.o [6]
  .text              ro code   0x800'0d48   0x4e  ABImemset.o [6]
  .text              ro code   0x800'0d96   0x3c  zero_init3.o [6]
  .text              ro code   0x800'0dd2    0x2  startup_stm32f030x6.o [1]
  .text              ro code   0x800'0dd4   0x28  data_init.o [6]
  .iar.init_table    const     0x800'0dfc   0x20  - Linker created -
  .text              ro code   0x800'0e1c   0x1e  cmain.o [6]
  .text              ro code   0x800'0e3a    0x4  low_level_init.o [5]
  .text              ro code   0x800'0e3e    0x8  exit.o [5]
  .text              ro code   0x800'0e46    0x2  startup_stm32f030x6.o [1]
  .text              ro code   0x800'0e48    0xa  cexit.o [6]
  .text              ro code   0x800'0e52    0x2  startup_stm32f030x6.o [1]
  .text              ro code   0x800'0e54   0x14  exit.o [7]
  .text              ro code   0x800'0e68   0x1c  cstartup_M.o [6]
  .text              ro code   0x800'0e84   0x10  startup_stm32f030x6.o [1]
  .rodata            const     0x800'0e94    0x8  tim.o [2]
  .rodata            const     0x800'0e9c    0x8  tim.o [2]
  .text              ro code   0x800'0ea4    0x2  startup_stm32f030x6.o [1]
  .text              ro code   0x800'0ea6    0x2  startup_stm32f030x6.o [1]
  .text              ro code   0x800'0ea8    0x2  startup_stm32f030x6.o [1]
  .text              ro code   0x800'0eaa    0x2  startup_stm32f030x6.o [1]
  .text              ro code   0x800'0eac    0x2  startup_stm32f030x6.o [1]
  .text              ro code   0x800'0eae    0x2  startup_stm32f030x6.o [1]
  .text              ro code   0x800'0eb0    0x2  startup_stm32f030x6.o [1]
  .text              ro code   0x800'0eb2    0x2  startup_stm32f030x6.o [1]
  .text              ro code   0x800'0eb4    0x2  startup_stm32f030x6.o [1]
  .text              ro code   0x800'0eb6    0x2  startup_stm32f030x6.o [1]
  .text              ro code   0x800'0eb8    0x2  startup_stm32f030x6.o [1]
  .text              ro code   0x800'0eba    0x2  startup_stm32f030x6.o [1]
  .text              ro code   0x800'0ebc    0x2  startup_stm32f030x6.o [1]
  .text              ro code   0x800'0ebe    0x2  startup_stm32f030x6.o [1]
  .text              ro code   0x800'0ec0    0x2  startup_stm32f030x6.o [1]
  .text              ro code   0x800'0ec4    0x2  system_stm32f0xx.o [3]
  .rodata            const     0x800'0ec6    0x0  zero_init3.o [6]
  .rodata            const     0x800'0ec6    0x0  packbits_init_single.o [6]
  Initializer bytes  const     0x800'0ec6   0x59  <for P2-1>
                             - 0x800'0f1f  0xe6f

"P2", part 1 of 3:                          0x68
  P2-1                        0x2000'0000   0x68  <Init block>
    .data            inited   0x2000'0000    0x4  main.o [2]
    .data            inited   0x2000'0004   0x60  main.o [2]
    .data            inited   0x2000'0064    0x4  system_stm32f0xx.o [3]
                            - 0x2000'0068   0x68

"P2", part 2 of 3:                          0x80
  .bss               zero     0x2000'0068   0x20  tim.o [2]
  .bss               zero     0x2000'0088   0x18  tim.o [2]
  .bss               zero     0x2000'00a0   0x18  tim.o [2]
  .bss               zero     0x2000'00b8   0x14  tim.o [2]
  .bss               zero     0x2000'00cc   0x10  main.o [2]
  .bss               zero     0x2000'00dc    0x4  main.o [2]
  .bss               zero     0x2000'00e0    0x4  main.o [2]
  .bss               zero     0x2000'00e4    0x4  stm32f0xx_it.o [2]
                            - 0x2000'00e8   0x80

"P2", part 3 of 3:                         0x400
  CSTACK                      0x2000'00e8  0x400  <Block>
    CSTACK           uninit   0x2000'00e8  0x400  <Block tail>
                            - 0x2000'04e8  0x400

Unused ranges:

         From           To    Size
         ----           --    ----
   0x800'0f1f   0x800'7fff  0x70e1
  0x2000'04e8  0x2000'0fff   0xb18


*******************************************************************************
*** INIT TABLE
***

          Address      Size
          -------      ----
Zero (__iar_zero_init3)
    1 destination range, total size 0x80:
          0x2000'0068  0x80

Copy/packbits (__iar_packbits_init_single3)
    1 source range, total size 0x59 (85% of destination):
           0x800'0ec6  0x59
    1 destination range, total size 0x68:
          0x2000'0000  0x68



*******************************************************************************
*** MODULE SUMMARY
***

    Module                  ro code  ro data  rw data
    ------                  -------  -------  -------
command line/config:
    -------------------------------------------------
    Total:

C:\Users\a.alekseev\Documents\F030\EWARM\F030\Obj\Application\EWARM: [1]
    startup_stm32f030x6.o       232
    -------------------------------------------------
    Total:                      232

C:\Users\a.alekseev\Documents\F030\EWARM\F030\Obj\Application\User\Core: [2]
    gpio.o                      102
    main.o                    1'028       85      124
    stm32f0xx_it.o               68                 4
    tim.o                       500       16      100
    -------------------------------------------------
    Total:                    1'698      101      228

C:\Users\a.alekseev\Documents\F030\EWARM\F030\Obj\Drivers\CMSIS: [3]
    system_stm32f0xx.o            2        4        4
    -------------------------------------------------
    Total:                        2        4        4

C:\Users\a.alekseev\Documents\F030\EWARM\F030\Obj\Drivers\STM32F0xx_HAL_Driver: [4]
    stm32f0xx_ll_gpio.o         308
    stm32f0xx_ll_tim.o          884
    stm32f0xx_ll_utils.o         72
    -------------------------------------------------
    Total:                    1'264

dl6M_tln.a: [5]
    exit.o                        8
    low_level_init.o              4
    -------------------------------------------------
    Total:                       12

rt6M_tl.a: [6]
    ABImemset.o                  78
    I32DivModFast.o             174
    IntDivZer.o                   2
    cexit.o                      10
    cmain.o                      30
    cstartup_M.o                 28
    data_init.o                  40
    memset.o                     20
    packbits_init_single.o       62
    zero_init3.o                 60
    -------------------------------------------------
    Total:                      504

shb_l.a: [7]
    exit.o                       20
    -------------------------------------------------
    Total:                       20

    Gaps                          2
    Linker created                        32    1'024
-----------------------------------------------------
    Grand Total:              3'734      137    1'256


*******************************************************************************
*** ENTRY LIST
***

Entry                       Address  Size  Type      Object
-----                       -------  ----  ----      ------
.iar.init_table$$Base    0x800'0dfc         --   Gb  - Linker created -
.iar.init_table$$Limit   0x800'0e1c         --   Gb  - Linker created -
?main                    0x800'0e1d        Code  Gb  cmain.o [6]
CSTACK$$Base            0x2000'00e8         --   Gb  - Linker created -
CSTACK$$Limit           0x2000'04e8         --   Gb  - Linker created -
GPIO_InitStruct         0x2000'00a0  0x18  Data  Gb  tim.o [2]
GetSysTick               0x800'0835   0x6  Code  Gb  stm32f0xx_it.o [2]
HardFault_Handler        0x800'0817   0x4  Code  Gb  stm32f0xx_it.o [2]
LL_AHB1_GRP1_EnableClock
                         0x800'0795  0x16  Code  Lc  gpio.o [2]
LL_AHB1_GRP1_EnableClock
                         0x800'05a1  0x16  Code  Lc  tim.o [2]
LL_APB1_GRP1_EnableClock
                         0x800'020f  0x16  Code  Lc  main.o [2]
LL_APB1_GRP2_EnableClock
                         0x800'0225  0x16  Code  Lc  main.o [2]
LL_APB1_GRP2_EnableClock
                         0x800'05b7  0x16  Code  Lc  tim.o [2]
LL_FLASH_GetLatency      0x800'0249   0xc  Code  Lc  main.o [2]
LL_FLASH_SetLatency      0x800'023b   0xe  Code  Lc  main.o [2]
LL_GPIO_Init             0x800'0cbb  0x7a  Code  Gb  stm32f0xx_ll_gpio.o [4]
LL_GPIO_ResetOutputPin   0x800'07b1   0x4  Code  Lc  gpio.o [2]
LL_GPIO_SetAFPin_0_7     0x800'0c67  0x24  Code  Lc  stm32f0xx_ll_gpio.o [4]
LL_GPIO_SetAFPin_8_15    0x800'0c8b  0x30  Code  Lc  stm32f0xx_ll_gpio.o [4]
LL_GPIO_SetPinMode       0x800'0c01  0x1c  Code  Lc  stm32f0xx_ll_gpio.o [4]
LL_GPIO_SetPinOutputType
                         0x800'0c1d  0x12  Code  Lc  stm32f0xx_ll_gpio.o [4]
LL_GPIO_SetPinPull       0x800'0c4b  0x1c  Code  Lc  stm32f0xx_ll_gpio.o [4]
LL_GPIO_SetPinSpeed      0x800'0c2f  0x1c  Code  Lc  stm32f0xx_ll_gpio.o [4]
LL_GPIO_TogglePin        0x800'07fd  0x16  Code  Lc  stm32f0xx_it.o [2]
LL_Init1msTick           0x800'0863  0x10  Code  Gb  stm32f0xx_ll_utils.o [4]
LL_InitTick              0x800'0841  0x22  Code  Lc  stm32f0xx_ll_utils.o [4]
LL_RCC_GetSysClkSource   0x800'01a5   0xa  Code  Lc  main.o [2]
LL_RCC_HSI_Enable        0x800'016f   0xc  Code  Lc  main.o [2]
LL_RCC_HSI_IsReady       0x800'017b   0xc  Code  Lc  main.o [2]
LL_RCC_HSI_SetCalibTrimming
                         0x800'0187  0x10  Code  Lc  main.o [2]
LL_RCC_PLL_ConfigDomain_SYS
                         0x800'01e5  0x2a  Code  Lc  main.o [2]
LL_RCC_PLL_Enable        0x800'01cb   0xe  Code  Lc  main.o [2]
LL_RCC_PLL_IsReady       0x800'01d9   0xc  Code  Lc  main.o [2]
LL_RCC_SetAHBPrescaler   0x800'01af   0xe  Code  Lc  main.o [2]
LL_RCC_SetAPB1Prescaler
                         0x800'01bd   0xe  Code  Lc  main.o [2]
LL_RCC_SetSysClkSource   0x800'0197   0xe  Code  Lc  main.o [2]
LL_SetSystemCoreClock    0x800'0873   0x6  Code  Gb  stm32f0xx_ll_utils.o [4]
LL_TIM_BDTR_Init         0x800'0991  0x46  Code  Gb  stm32f0xx_ll_tim.o [4]
LL_TIM_DisableCounter    0x800'05d7   0xa  Code  Lc  tim.o [2]
LL_TIM_DisableMasterSlaveMode
                         0x800'0655   0xa  Code  Lc  tim.o [2]
LL_TIM_EnableARRPreload
                         0x800'05e1   0xa  Code  Lc  tim.o [2]
LL_TIM_EnableAllOutputs
                         0x800'065f   0xc  Code  Lc  tim.o [2]
LL_TIM_EnableCounter     0x800'05cd   0xa  Code  Lc  tim.o [2]
LL_TIM_GenerateEvent_UPDATE
                         0x800'08a9   0xa  Code  Lc  stm32f0xx_ll_tim.o [4]
LL_TIM_Init              0x800'08b3  0x76  Code  Gb  stm32f0xx_ll_tim.o [4]
LL_TIM_OC_DisableFast    0x800'05eb  0x5e  Code  Lc  tim.o [2]
LL_TIM_OC_Init           0x800'0929  0x58  Code  Gb  stm32f0xx_ll_tim.o [4]
LL_TIM_OC_SetCompareCH1
                         0x800'0899   0x4  Code  Lc  stm32f0xx_ll_tim.o [4]
LL_TIM_OC_SetCompareCH2
                         0x800'089d   0x4  Code  Lc  stm32f0xx_ll_tim.o [4]
LL_TIM_OC_SetCompareCH3
                         0x800'08a1   0x4  Code  Lc  stm32f0xx_ll_tim.o [4]
LL_TIM_OC_SetCompareCH4
                         0x800'08a5   0x4  Code  Lc  stm32f0xx_ll_tim.o [4]
LL_TIM_SetAutoReload     0x800'0891   0x4  Code  Lc  stm32f0xx_ll_tim.o [4]
LL_TIM_SetPrescaler      0x800'088d   0x4  Code  Lc  stm32f0xx_ll_tim.o [4]
LL_TIM_SetRepetitionCounter
                         0x800'0895   0x4  Code  Lc  stm32f0xx_ll_tim.o [4]
LL_TIM_SetTriggerOutput
                         0x800'0649   0xc  Code  Lc  tim.o [2]
MX_GPIO_Init             0x800'07b5  0x46  Code  Gb  gpio.o [2]
MX_TIM1_Init             0x800'066b  0xd8  Code  Gb  tim.o [2]
NMI_Handler              0x800'0813   0x4  Code  Gb  stm32f0xx_it.o [2]
OC1Config                0x800'09dd  0x7e  Code  Lc  stm32f0xx_ll_tim.o [4]
OC2Config                0x800'0a61  0x86  Code  Lc  stm32f0xx_ll_tim.o [4]
OC3Config                0x800'0ae7  0x82  Code  Lc  stm32f0xx_ll_tim.o [4]
OC4Config                0x800'0b69  0x66  Code  Lc  stm32f0xx_ll_tim.o [4]
OFFSET_TAB_CCMRx         0x800'0e94   0x8  Data  Lc  tim.o [2]
PendSV_Handler           0x800'081d   0x2  Code  Gb  stm32f0xx_it.o [2]
Region$$Table$$Base      0x800'0dfc         --   Gb  - Linker created -
Region$$Table$$Limit     0x800'0e1c         --   Gb  - Linker created -
SHIFT_TAB_OCxx           0x800'0e9c   0x8  Data  Lc  tim.o [2]
SVC_Handler              0x800'081b   0x2  Code  Gb  stm32f0xx_it.o [2]
Scenic                  0x2000'0004  0x60  Data  Gb  main.o [2]
SetFreq                  0x800'031b  0x1e  Code  Gb  main.o [2]
SysTick_Config           0x800'013d  0x32  Code  Lc  main.o [2]
SysTick_Handler          0x800'081f  0x16  Code  Gb  stm32f0xx_it.o [2]
SystemClock_Config       0x800'0429  0x62  Code  Gb  main.o [2]
SystemCoreClock         0x2000'0064   0x4  Data  Gb  system_stm32f0xx.o [3]
SystemInit               0x800'0ec5   0x2  Code  Gb  system_stm32f0xx.o [3]
TIM_BDTRInitStruct      0x2000'0088  0x18  Data  Gb  tim.o [2]
TIM_InitStruct          0x2000'00b8  0x14  Data  Gb  tim.o [2]
TIM_OC_InitStruct       0x2000'0068  0x20  Data  Gb  tim.o [2]
TIM_Set_Arr              0x800'0743  0x28  Code  Gb  tim.o [2]
__ICFEDIT_region_RAM_end__ {Abs}
                        0x2000'0fff        Data  Gb  <internal module>
__ICFEDIT_region_RAM_start__ {Abs}
                        0x2000'0000        Data  Gb  <internal module>
__NVIC_SetPriority       0x800'00b1  0x8c  Code  Lc  main.o [2]
__aeabi_idiv0            0x800'0889        Code  Gb  IntDivZer.o [6]
__aeabi_memset           0x800'0d49        Code  Gb  ABImemset.o [6]
__aeabi_uidiv            0x800'04b5        Code  Gb  I32DivModFast.o [6]
__aeabi_uidivmod         0x800'04b5        Code  Gb  I32DivModFast.o [6]
__cmain                  0x800'0e1d        Code  Gb  cmain.o [6]
__exit                   0x800'0e55  0x14  Code  Gb  exit.o [7]
__iar_Memset4_word       0x800'0d69        Code  Gb  ABImemset.o [6]
__iar_Memset_word        0x800'0d55        Code  Gb  ABImemset.o [6]
__iar_data_init3         0x800'0dd5  0x28  Code  Gb  data_init.o [6]
__iar_packbits_init_single3
                         0x800'0563  0x3e  Code  Gb  packbits_init_single.o [6]
__iar_program_start      0x800'0e69        Code  Gb  cstartup_M.o [6]
__iar_zero_init3         0x800'0d97  0x3c  Code  Gb  zero_init3.o [6]
__low_level_init         0x800'0e3b   0x4  Code  Gb  low_level_init.o [5]
__vector_table           0x800'0000        Data  Gb  startup_stm32f030x6.o [1]
_call_main               0x800'0e29        Code  Gb  cmain.o [6]
_exit                    0x800'0e49        Code  Gb  cexit.o [6]
changeScenario           0x800'0255  0x16  Code  Gb  main.o [2]
controller              0x2000'00cc  0x10  Data  Gb  main.o [2]
cur_freq                0x2000'0000   0x4  Data  Lc  main.o [2]
exit                     0x800'0e3f   0x8  Code  Gb  exit.o [5]
main                     0x800'0359  0xc0  Code  Gb  main.o [2]
memset                   0x800'0d35  0x14  Code  Gb  memset.o [6]
sc                      0x2000'00e0   0x4  Data  Gb  main.o [2]
stepFreq                 0x800'026b  0xb0  Code  Gb  main.o [2]
stop_step_ms            0x2000'00dc   0x4  Data  Gb  main.o [2]
tick                    0x2000'00e4   0x4  Data  Lc  stm32f0xx_it.o [2]


[1] = C:\Users\a.alekseev\Documents\F030\EWARM\F030\Obj\Application\EWARM
[2] = C:\Users\a.alekseev\Documents\F030\EWARM\F030\Obj\Application\User\Core
[3] = C:\Users\a.alekseev\Documents\F030\EWARM\F030\Obj\Drivers\CMSIS
[4] = C:\Users\a.alekseev\Documents\F030\EWARM\F030\Obj\Drivers\STM32F0xx_HAL_Driver
[5] = dl6M_tln.a
[6] = rt6M_tl.a
[7] = shb_l.a

  3'734 bytes of readonly  code memory
    137 bytes of readonly  data memory
  1'256 bytes of readwrite data memory

Errors: none
Warnings: none
