###############################################################################
#
# IAR ELF Linker V9.20.1.318/W64 for ARM                  18/Feb/2026  09:04:07
# Copyright 2007-2021 IAR Systems AB.
#
#    Output file  =  C:\Users\a.alekseev\Documents\F030\EWARM\F030\Exe\F030.out
#    Map file     =
#        C:\Users\a.alekseev\Documents\F030\EWARM\F030\List\F030.map
#    Command line =
#        -f C:\Users\a.alekseev\Documents\F030\EWARM\F030\Exe\F030.out.rsp
#        (C:\Users\a.alekseev\Documents\F030\EWARM\F030\Obj\Application\User\Core\adc.o
#        C:\Users\a.alekseev\Documents\F030\EWARM\F030\Obj\Application\User\Core\gpio.o
#        C:\Users\a.alekseev\Documents\F030\EWARM\F030\Obj\Application\User\Core\main.o
#        C:\Users\a.alekseev\Documents\F030\EWARM\F030\Obj\Application\EWARM\startup_stm32f030x6.o
#        C:\Users\a.alekseev\Documents\F030\EWARM\F030\Obj\Drivers\STM32F0xx_HAL_Driver\stm32f0xx_hal.o
#        C:\Users\a.alekseev\Documents\F030\EWARM\F030\Obj\Drivers\STM32F0xx_HAL_Driver\stm32f0xx_hal_adc.o
#        C:\Users\a.alekseev\Documents\F030\EWARM\F030\Obj\Drivers\STM32F0xx_HAL_Driver\stm32f0xx_hal_adc_ex.o
#        C:\Users\a.alekseev\Documents\F030\EWARM\F030\Obj\Drivers\STM32F0xx_HAL_Driver\stm32f0xx_hal_cortex.o
#        C:\Users\a.alekseev\Documents\F030\EWARM\F030\Obj\Drivers\STM32F0xx_HAL_Driver\stm32f0xx_hal_dma.o
#        C:\Users\a.alekseev\Documents\F030\EWARM\F030\Obj\Drivers\STM32F0xx_HAL_Driver\stm32f0xx_hal_exti.o
#        C:\Users\a.alekseev\Documents\F030\EWARM\F030\Obj\Drivers\STM32F0xx_HAL_Driver\stm32f0xx_hal_flash.o
#        C:\Users\a.alekseev\Documents\F030\EWARM\F030\Obj\Drivers\STM32F0xx_HAL_Driver\stm32f0xx_hal_flash_ex.o
#        C:\Users\a.alekseev\Documents\F030\EWARM\F030\Obj\Drivers\STM32F0xx_HAL_Driver\stm32f0xx_hal_gpio.o
#        C:\Users\a.alekseev\Documents\F030\EWARM\F030\Obj\Drivers\STM32F0xx_HAL_Driver\stm32f0xx_hal_i2c.o
#        C:\Users\a.alekseev\Documents\F030\EWARM\F030\Obj\Drivers\STM32F0xx_HAL_Driver\stm32f0xx_hal_i2c_ex.o
#        C:\Users\a.alekseev\Documents\F030\EWARM\F030\Obj\Application\User\Core\stm32f0xx_hal_msp.o
#        C:\Users\a.alekseev\Documents\F030\EWARM\F030\Obj\Drivers\STM32F0xx_HAL_Driver\stm32f0xx_hal_pwr.o
#        C:\Users\a.alekseev\Documents\F030\EWARM\F030\Obj\Drivers\STM32F0xx_HAL_Driver\stm32f0xx_hal_pwr_ex.o
#        C:\Users\a.alekseev\Documents\F030\EWARM\F030\Obj\Drivers\STM32F0xx_HAL_Driver\stm32f0xx_hal_rcc.o
#        C:\Users\a.alekseev\Documents\F030\EWARM\F030\Obj\Drivers\STM32F0xx_HAL_Driver\stm32f0xx_hal_rcc_ex.o
#        C:\Users\a.alekseev\Documents\F030\EWARM\F030\Obj\Drivers\STM32F0xx_HAL_Driver\stm32f0xx_hal_tim.o
#        C:\Users\a.alekseev\Documents\F030\EWARM\F030\Obj\Drivers\STM32F0xx_HAL_Driver\stm32f0xx_hal_tim_ex.o
#        C:\Users\a.alekseev\Documents\F030\EWARM\F030\Obj\Application\User\Core\stm32f0xx_it.o
#        C:\Users\a.alekseev\Documents\F030\EWARM\F030\Obj\Drivers\CMSIS\system_stm32f0xx.o
#        C:\Users\a.alekseev\Documents\F030\EWARM\F030\Obj\Application\User\Core\tim.o
#        --no_out_extension -o
#        C:\Users\a.alekseev\Documents\F030\EWARM\F030\Exe\F030.out --redirect
#        _Printf=_PrintfFullNoMb --redirect _Scanf=_ScanfFullNoMb --map
#        C:\Users\a.alekseev\Documents\F030\EWARM\F030\List\F030.map --config
#        C:\Users\a.alekseev\Documents\F030\EWARM/stm32f030x6_flash.icf
#        --semihosting --entry __iar_program_start --vfe --text_out locale)
#
###############################################################################

*******************************************************************************
*** RUNTIME MODEL ATTRIBUTES
***

CppFlavor       = *
__CPP_Runtime   = 1
__SystemLibrary = DLib
__dlib_version  = 6


*******************************************************************************
*** HEAP SELECTION
***

The basic heap was selected because no calls to memory allocation
functions were found in the application outside of system library
functions, and there are calls to deallocation functions in the
application.


*******************************************************************************
*** PLACEMENT SUMMARY
***

"A0":  place at address 0x800'0000 { ro section .intvec };
"P1":  place in [from 0x800'0000 to 0x800'7fff] { ro };
define block CSTACK with size = 1K, alignment = 8 { };
define block HEAP with size = 512, alignment = 8 { };
"P2":  place in [from 0x2000'0000 to 0x2000'0fff] {
          rw, block CSTACK, block HEAP };
initialize by copy { rw };

  Section            Kind         Address    Size  Object
  -------            ----         -------    ----  ------
"A0":                                        0xb0
  .intvec            ro code   0x800'0000    0xb0  startup_stm32f030x6.o [1]
                             - 0x800'00b0    0xb0

"P1":                                      0x1b10
  .text              ro code   0x800'00b0   0x684  stm32f0xx_hal_rcc.o [4]
  .text              ro code   0x800'0734     0xc  stm32f0xx_hal.o [4]
  .text              ro code   0x800'0740    0x50  stm32f0xx_hal.o [4]
  .text              ro code   0x800'0790    0xae  I32DivModFast.o [6]
  .text              ro code   0x800'083e    0x3e  packbits_init_single.o [6]
  .text              ro code   0x800'087c    0xf4  stm32f0xx_hal_cortex.o [4]
  .text              ro code   0x800'0970     0x2  IntDivZer.o [6]
  .text              ro code   0x800'0972     0x2  startup_stm32f030x6.o [1]
  .text              ro code   0x800'0974   0x574  stm32f0xx_hal_tim.o [4]
  .text              ro code   0x800'0ee8   0x124  tim.o [2]
  .text              ro code   0x800'100c    0x14  memset.o [6]
  .text              ro code   0x800'1020   0x212  main.o [2]
  .text              ro code   0x800'1232     0x2  startup_stm32f030x6.o [1]
  .text              ro code   0x800'1234    0x64  stm32f0xx_hal_tim_ex.o [4]
  .text              ro code   0x800'1298   0x238  stm32f0xx_hal_gpio.o [4]
  .text              ro code   0x800'14d0    0x4e  ABImemset.o [6]
  .text              ro code   0x800'151e     0x2  startup_stm32f030x6.o [1]
  .text              ro code   0x800'1520    0x20  stm32f0xx_hal.o [4]
  .text              ro code   0x800'1540    0x70  gpio.o [2]
  .text              ro code   0x800'15b0    0xd8  adc.o [2]
  .text              ro code   0x800'1688    0x34  stm32f0xx_hal_msp.o [2]
  .text              ro code   0x800'16bc   0x32c  stm32f0xx_hal_adc.o [4]
  .text              ro code   0x800'19e8    0x3c  zero_init3.o [6]
  .text              ro code   0x800'1a24    0x28  data_init.o [6]
  .iar.init_table    const     0x800'1a4c    0x20  - Linker created -
  .text              ro code   0x800'1a6c    0x1e  cmain.o [6]
  .text              ro code   0x800'1a8a     0x4  low_level_init.o [5]
  .text              ro code   0x800'1a8e     0x8  exit.o [5]
  .text              ro code   0x800'1a96     0x2  startup_stm32f030x6.o [1]
  .text              ro code   0x800'1a98     0xa  cexit.o [6]
  .text              ro code   0x800'1aa2     0x2  startup_stm32f030x6.o [1]
  .text              ro code   0x800'1aa4    0x14  exit.o [7]
  .text              ro code   0x800'1ab8    0x1c  cstartup_M.o [6]
  .text              ro code   0x800'1ad4    0x18  stm32f0xx_hal.o [4]
  .text              ro code   0x800'1aec    0x14  stm32f0xx_it.o [2]
  .rodata            const     0x800'1b00    0x10  stm32f0xx_hal_rcc.o [4]
  .rodata            const     0x800'1b10    0x10  stm32f0xx_hal_rcc.o [4]
  .rodata            const     0x800'1b20    0x10  system_stm32f0xx.o [3]
  .text              ro code   0x800'1b30    0x10  startup_stm32f030x6.o [1]
  .text              ro code   0x800'1b40     0x2  startup_stm32f030x6.o [1]
  .text              ro code   0x800'1b42     0x2  startup_stm32f030x6.o [1]
  .text              ro code   0x800'1b44     0x2  startup_stm32f030x6.o [1]
  .text              ro code   0x800'1b46     0x2  startup_stm32f030x6.o [1]
  .text              ro code   0x800'1b48     0x2  startup_stm32f030x6.o [1]
  .text              ro code   0x800'1b4a     0x2  startup_stm32f030x6.o [1]
  .text              ro code   0x800'1b4c     0x2  startup_stm32f030x6.o [1]
  .text              ro code   0x800'1b4e     0x2  startup_stm32f030x6.o [1]
  .text              ro code   0x800'1b50     0x2  startup_stm32f030x6.o [1]
  .text              ro code   0x800'1b52     0x2  startup_stm32f030x6.o [1]
  .text              ro code   0x800'1b54     0x2  startup_stm32f030x6.o [1]
  .text              ro code   0x800'1b56     0x2  startup_stm32f030x6.o [1]
  .text              ro code   0x800'1b58     0x2  startup_stm32f030x6.o [1]
  .text              ro code   0x800'1b5a     0x2  startup_stm32f030x6.o [1]
  .text              ro code   0x800'1b5c     0x2  startup_stm32f030x6.o [1]
  .text              ro code   0x800'1b60     0x2  system_stm32f0xx.o [3]
  .rodata            const     0x800'1b62     0x0  zero_init3.o [6]
  .rodata            const     0x800'1b62     0x0  packbits_init_single.o [6]
  Initializer bytes  const     0x800'1b62    0x5e  <for P2-1>
                             - 0x800'1bc0  0x1b10

"P2", part 1 of 3:                           0x6d
  P2-1                        0x2000'0000    0x6d  <Init block>
    .data            inited   0x2000'0000     0x4  main.o [2]
    .data            inited   0x2000'0004    0x60  main.o [2]
    .data            inited   0x2000'0064     0x4  stm32f0xx_hal.o [4]
    .data            inited   0x2000'0068     0x4  system_stm32f0xx.o [3]
    .data            inited   0x2000'006c     0x1  stm32f0xx_hal.o [4]
                            - 0x2000'006d    0x6d

"P2", part 2 of 3:                           0xa4
  .bss               zero     0x2000'0070    0x48  tim.o [2]
  .bss               zero     0x2000'00b8    0x40  adc.o [2]
  .bss               zero     0x2000'00f8    0x10  main.o [2]
  .bss               zero     0x2000'0108     0x4  main.o [2]
  .bss               zero     0x2000'010c     0x4  main.o [2]
  .bss               zero     0x2000'0110     0x4  stm32f0xx_hal.o [4]
                            - 0x2000'0114    0xa4

"P2", part 3 of 3:                          0x400
  CSTACK                      0x2000'0118   0x400  <Block>
    CSTACK           uninit   0x2000'0118   0x400  <Block tail>
                            - 0x2000'0518   0x400

Unused ranges:

         From           To    Size
         ----           --    ----
   0x800'1bc0   0x800'7fff  0x6440
  0x2000'006d  0x2000'006f     0x3
  0x2000'0114  0x2000'0117     0x4
  0x2000'0518  0x2000'0fff   0xae8


*******************************************************************************
*** INIT TABLE
***

          Address      Size
          -------      ----
Zero (__iar_zero_init3)
    1 destination range, total size 0xa4:
          0x2000'0070  0xa4

Copy/packbits (__iar_packbits_init_single3)
    1 source range, total size 0x5e (86% of destination):
           0x800'1b62  0x5e
    1 destination range, total size 0x6d:
          0x2000'0000  0x6d



*******************************************************************************
*** MODULE SUMMARY
***

    Module                  ro code  ro data  rw data
    ------                  -------  -------  -------
command line/config:
    -------------------------------------------------
    Total:

C:\Users\a.alekseev\Documents\F030\EWARM\F030\Obj\Application\EWARM: [1]
    startup_stm32f030x6.o       232
    -------------------------------------------------
    Total:                      232

C:\Users\a.alekseev\Documents\F030\EWARM\F030\Obj\Application\User\Core: [2]
    adc.o                       216                64
    gpio.o                      112
    main.o                      530       86      124
    stm32f0xx_hal_msp.o          52
    stm32f0xx_it.o               20
    tim.o                       292                72
    -------------------------------------------------
    Total:                    1'222       86      260

C:\Users\a.alekseev\Documents\F030\EWARM\F030\Obj\Drivers\CMSIS: [3]
    system_stm32f0xx.o            2       20        4
    -------------------------------------------------
    Total:                        2       20        4

C:\Users\a.alekseev\Documents\F030\EWARM\F030\Obj\Drivers\STM32F0xx_HAL_Driver: [4]
    stm32f0xx_hal.o             148        4        9
    stm32f0xx_hal_adc.o         812
    stm32f0xx_hal_cortex.o      244
    stm32f0xx_hal_gpio.o        568
    stm32f0xx_hal_rcc.o       1'668       32
    stm32f0xx_hal_tim.o       1'396
    stm32f0xx_hal_tim_ex.o      100
    -------------------------------------------------
    Total:                    4'936       36        9

dl6M_tln.a: [5]
    exit.o                        8
    low_level_init.o              4
    -------------------------------------------------
    Total:                       12

rt6M_tl.a: [6]
    ABImemset.o                  78
    I32DivModFast.o             174
    IntDivZer.o                   2
    cexit.o                      10
    cmain.o                      30
    cstartup_M.o                 28
    data_init.o                  40
    memset.o                     20
    packbits_init_single.o       62
    zero_init3.o                 60
    -------------------------------------------------
    Total:                      504

shb_l.a: [7]
    exit.o                       20
    -------------------------------------------------
    Total:                       20

    Gaps                          2
    Linker created                        32    1'024
-----------------------------------------------------
    Grand Total:              6'930      174    1'297


*******************************************************************************
*** ENTRY LIST
***

Entry                       Address   Size  Type      Object
-----                       -------   ----  ----      ------
.iar.init_table$$Base    0x800'1a4c          --   Gb  - Linker created -
.iar.init_table$$Limit   0x800'1a6c          --   Gb  - Linker created -
?main                    0x800'1a6d         Code  Gb  cmain.o [6]
AHBPrescTable            0x800'1b20   0x10  Data  Gb  system_stm32f0xx.o [3]
CSTACK$$Base            0x2000'0118          --   Gb  - Linker created -
CSTACK$$Limit           0x2000'0518          --   Gb  - Linker created -
Error_Handler            0x800'122d    0x6  Code  Gb  main.o [2]
HAL_ADC_ConfigChannel    0x800'1881  0x158  Code  Gb  stm32f0xx_hal_adc.o [4]
HAL_ADC_Init             0x800'16bd  0x1b8  Code  Gb  stm32f0xx_hal_adc.o [4]
HAL_ADC_MspInit          0x800'161f   0x5a  Code  Gb  adc.o [2]
HAL_GPIO_Init            0x800'1299  0x1fa  Code  Gb  stm32f0xx_hal_gpio.o [4]
HAL_GPIO_WritePin        0x800'1493   0x1a  Code  Gb  stm32f0xx_hal_gpio.o [4]
HAL_GetTick              0x800'0735    0xc  Code  Wk  stm32f0xx_hal.o [4]
HAL_IncTick              0x800'1ad5   0x18  Code  Wk  stm32f0xx_hal.o [4]
HAL_Init                 0x800'1521   0x1a  Code  Gb  stm32f0xx_hal.o [4]
HAL_InitTick             0x800'0741   0x50  Code  Wk  stm32f0xx_hal.o [4]
HAL_MspInit              0x800'1689   0x34  Code  Gb  stm32f0xx_hal_msp.o [2]
HAL_NVIC_SetPriority     0x800'093b   0x14  Code  Gb  stm32f0xx_hal_cortex.o [4]
HAL_RCC_ClockConfig      0x800'0571  0x128  Code  Gb  stm32f0xx_hal_rcc.o [4]
HAL_RCC_GetSysClockFreq
                         0x800'06ad   0x5a  Code  Gb  stm32f0xx_hal_rcc.o [4]
HAL_RCC_GetSysClockFreq::aPLLMULFactorTable
                         0x800'1b00   0x10  Data  Lc  stm32f0xx_hal_rcc.o [4]
HAL_RCC_GetSysClockFreq::aPredivFactorTable
                         0x800'1b10   0x10  Data  Lc  stm32f0xx_hal_rcc.o [4]
HAL_RCC_OscConfig        0x800'00b1  0x4ac  Code  Gb  stm32f0xx_hal_rcc.o [4]
HAL_SYSTICK_Config       0x800'094f    0xc  Code  Gb  stm32f0xx_hal_cortex.o [4]
HAL_TIMEx_MasterConfigSynchronization
                         0x800'1235   0x5c  Code  Gb  stm32f0xx_hal_tim_ex.o [4]
HAL_TIM_MspPostInit      0x800'0f87   0x48  Code  Gb  tim.o [2]
HAL_TIM_PWM_ConfigChannel
                         0x800'0b79   0xfc  Code  Gb  stm32f0xx_hal_tim.o [4]
HAL_TIM_PWM_Init         0x800'0975   0x5c  Code  Gb  stm32f0xx_hal_tim.o [4]
HAL_TIM_PWM_MspInit      0x800'0f69   0x1e  Code  Gb  tim.o [2]
HAL_TIM_PWM_Start        0x800'09d1   0xd8  Code  Gb  stm32f0xx_hal_tim.o [4]
HAL_TIM_PWM_Stop         0x800'0aa9   0xb2  Code  Gb  stm32f0xx_hal_tim.o [4]
HardFault_Handler        0x800'1af1    0x4  Code  Gb  stm32f0xx_it.o [2]
MX_ADC_Init              0x800'15b1   0x6e  Code  Gb  adc.o [2]
MX_GPIO_Init             0x800'1541   0x70  Code  Gb  gpio.o [2]
MX_TIM3_Init             0x800'0ee9   0x80  Code  Gb  tim.o [2]
NMI_Handler              0x800'1aed    0x4  Code  Gb  stm32f0xx_it.o [2]
PendSV_Handler           0x800'1af7    0x2  Code  Gb  stm32f0xx_it.o [2]
Region$$Table$$Base      0x800'1a4c          --   Gb  - Linker created -
Region$$Table$$Limit     0x800'1a6c          --   Gb  - Linker created -
SVC_Handler              0x800'1af5    0x2  Code  Gb  stm32f0xx_it.o [2]
Scenic                  0x2000'0004   0x60  Data  Gb  main.o [2]
SetFreq                  0x800'10e7   0x1e  Code  Gb  main.o [2]
SysTick_Config           0x800'0909   0x32  Code  Lc  stm32f0xx_hal_cortex.o [4]
SysTick_Handler          0x800'1af9    0x8  Code  Gb  stm32f0xx_it.o [2]
SystemClock_Config       0x800'11c9   0x64  Code  Gb  main.o [2]
SystemCoreClock         0x2000'0068    0x4  Data  Gb  system_stm32f0xx.o [3]
SystemInit               0x800'1b61    0x2  Code  Gb  system_stm32f0xx.o [3]
TIM3_Set_Arr             0x800'0fcf   0x28  Code  Gb  tim.o [2]
TIM_Base_SetConfig       0x800'0c79   0x7a  Code  Gb  stm32f0xx_hal_tim.o [4]
TIM_CCxChannelCmd        0x800'0ec5   0x24  Code  Gb  stm32f0xx_hal_tim.o [4]
TIM_OC1_SetConfig        0x800'0cf3   0x70  Code  Lc  stm32f0xx_hal_tim.o [4]
TIM_OC2_SetConfig        0x800'0d63   0x6e  Code  Gb  stm32f0xx_hal_tim.o [4]
TIM_OC3_SetConfig        0x800'0dd1   0x6a  Code  Lc  stm32f0xx_hal_tim.o [4]
TIM_OC4_SetConfig        0x800'0e3b   0x50  Code  Lc  stm32f0xx_hal_tim.o [4]
__ICFEDIT_region_RAM_end__ {Abs}
                        0x2000'0fff         Data  Gb  <internal module>
__ICFEDIT_region_RAM_start__ {Abs}
                        0x2000'0000         Data  Gb  <internal module>
__NVIC_SetPriority       0x800'087d   0x8c  Code  Lc  stm32f0xx_hal_cortex.o [4]
__aeabi_idiv0            0x800'0971         Code  Gb  IntDivZer.o [6]
__aeabi_memset           0x800'14d1         Code  Gb  ABImemset.o [6]
__aeabi_uidiv            0x800'0791         Code  Gb  I32DivModFast.o [6]
__aeabi_uidivmod         0x800'0791         Code  Gb  I32DivModFast.o [6]
__cmain                  0x800'1a6d         Code  Gb  cmain.o [6]
__exit                   0x800'1aa5   0x14  Code  Gb  exit.o [7]
__iar_Memset4_word       0x800'14f1         Code  Gb  ABImemset.o [6]
__iar_Memset_word        0x800'14dd         Code  Gb  ABImemset.o [6]
__iar_data_init3         0x800'1a25   0x28  Code  Gb  data_init.o [6]
__iar_packbits_init_single3
                         0x800'083f   0x3e  Code  Gb  packbits_init_single.o [6]
__iar_program_start      0x800'1ab9         Code  Gb  cstartup_M.o [6]
__iar_zero_init3         0x800'19e9   0x3c  Code  Gb  zero_init3.o [6]
__low_level_init         0x800'1a8b    0x4  Code  Gb  low_level_init.o [5]
__vector_table           0x800'0000         Data  Gb  startup_stm32f030x6.o [1]
_call_main               0x800'1a79         Code  Gb  cmain.o [6]
_exit                    0x800'1a99         Code  Gb  cexit.o [6]
changeScenario           0x800'1021   0x16  Code  Gb  main.o [2]
controller              0x2000'00f8   0x10  Data  Gb  main.o [2]
cur_freq                0x2000'0000    0x4  Data  Lc  main.o [2]
exit                     0x800'1a8f    0x8  Code  Gb  exit.o [5]
hadc                    0x2000'00b8   0x40  Data  Gb  adc.o [2]
htim3                   0x2000'0070   0x48  Data  Gb  tim.o [2]
main                     0x800'1105   0xaa  Code  Gb  main.o [2]
memset                   0x800'100d   0x14  Code  Gb  memset.o [6]
sc                      0x2000'010c    0x4  Data  Gb  main.o [2]
stepFreq                 0x800'1037   0xb0  Code  Gb  main.o [2]
stop_step_ms            0x2000'0108    0x4  Data  Gb  main.o [2]
uwTick                  0x2000'0110    0x4  Data  Gb  stm32f0xx_hal.o [4]
uwTickFreq              0x2000'006c    0x1  Data  Gb  stm32f0xx_hal.o [4]
uwTickPrio              0x2000'0064    0x4  Data  Gb  stm32f0xx_hal.o [4]


[1] = C:\Users\a.alekseev\Documents\F030\EWARM\F030\Obj\Application\EWARM
[2] = C:\Users\a.alekseev\Documents\F030\EWARM\F030\Obj\Application\User\Core
[3] = C:\Users\a.alekseev\Documents\F030\EWARM\F030\Obj\Drivers\CMSIS
[4] = C:\Users\a.alekseev\Documents\F030\EWARM\F030\Obj\Drivers\STM32F0xx_HAL_Driver
[5] = dl6M_tln.a
[6] = rt6M_tl.a
[7] = shb_l.a

  6'930 bytes of readonly  code memory
    174 bytes of readonly  data memory
  1'297 bytes of readwrite data memory

Errors: none
Warnings: none
