###############################################################################
#
# IAR ELF Linker V9.20.1.318/W64 for ARM                  24/Dec/2025  16:38:36
# Copyright 2007-2021 IAR Systems AB.
#
#    Output file  =  C:\Users\a.alekseev\Documents\F030\EWARM\F030\Exe\F030.out
#    Map file     =
#        C:\Users\a.alekseev\Documents\F030\EWARM\F030\List\F030.map
#    Command line =
#        -f C:\Users\a.alekseev\Documents\F030\EWARM\F030\Exe\F030.out.rsp
#        (C:\Users\a.alekseev\Documents\F030\EWARM\F030\Obj\Application\User\Core\gpio.o
#        C:\Users\a.alekseev\Documents\F030\EWARM\F030\Obj\Application\User\Core\main.o
#        C:\Users\a.alekseev\Documents\F030\EWARM\F030\Obj\Application\EWARM\startup_stm32f030x6.o
#        C:\Users\a.alekseev\Documents\F030\EWARM\F030\Obj\Drivers\STM32F0xx_HAL_Driver\stm32f0xx_hal.o
#        C:\Users\a.alekseev\Documents\F030\EWARM\F030\Obj\Drivers\STM32F0xx_HAL_Driver\stm32f0xx_hal_cortex.o
#        C:\Users\a.alekseev\Documents\F030\EWARM\F030\Obj\Drivers\STM32F0xx_HAL_Driver\stm32f0xx_hal_dma.o
#        C:\Users\a.alekseev\Documents\F030\EWARM\F030\Obj\Drivers\STM32F0xx_HAL_Driver\stm32f0xx_hal_exti.o
#        C:\Users\a.alekseev\Documents\F030\EWARM\F030\Obj\Drivers\STM32F0xx_HAL_Driver\stm32f0xx_hal_flash.o
#        C:\Users\a.alekseev\Documents\F030\EWARM\F030\Obj\Drivers\STM32F0xx_HAL_Driver\stm32f0xx_hal_flash_ex.o
#        C:\Users\a.alekseev\Documents\F030\EWARM\F030\Obj\Drivers\STM32F0xx_HAL_Driver\stm32f0xx_hal_gpio.o
#        C:\Users\a.alekseev\Documents\F030\EWARM\F030\Obj\Drivers\STM32F0xx_HAL_Driver\stm32f0xx_hal_i2c.o
#        C:\Users\a.alekseev\Documents\F030\EWARM\F030\Obj\Drivers\STM32F0xx_HAL_Driver\stm32f0xx_hal_i2c_ex.o
#        C:\Users\a.alekseev\Documents\F030\EWARM\F030\Obj\Application\User\Core\stm32f0xx_hal_msp.o
#        C:\Users\a.alekseev\Documents\F030\EWARM\F030\Obj\Drivers\STM32F0xx_HAL_Driver\stm32f0xx_hal_pwr.o
#        C:\Users\a.alekseev\Documents\F030\EWARM\F030\Obj\Drivers\STM32F0xx_HAL_Driver\stm32f0xx_hal_pwr_ex.o
#        C:\Users\a.alekseev\Documents\F030\EWARM\F030\Obj\Drivers\STM32F0xx_HAL_Driver\stm32f0xx_hal_rcc.o
#        C:\Users\a.alekseev\Documents\F030\EWARM\F030\Obj\Drivers\STM32F0xx_HAL_Driver\stm32f0xx_hal_rcc_ex.o
#        C:\Users\a.alekseev\Documents\F030\EWARM\F030\Obj\Drivers\STM32F0xx_HAL_Driver\stm32f0xx_hal_tim.o
#        C:\Users\a.alekseev\Documents\F030\EWARM\F030\Obj\Drivers\STM32F0xx_HAL_Driver\stm32f0xx_hal_tim_ex.o
#        C:\Users\a.alekseev\Documents\F030\EWARM\F030\Obj\Application\User\Core\stm32f0xx_it.o
#        C:\Users\a.alekseev\Documents\F030\EWARM\F030\Obj\Drivers\CMSIS\system_stm32f0xx.o
#        C:\Users\a.alekseev\Documents\F030\EWARM\F030\Obj\Application\User\Core\tim.o
#        --no_out_extension -o
#        C:\Users\a.alekseev\Documents\F030\EWARM\F030\Exe\F030.out --redirect
#        _Printf=_PrintfFullNoMb --redirect _Scanf=_ScanfFullNoMb --map
#        C:\Users\a.alekseev\Documents\F030\EWARM\F030\List\F030.map --config
#        C:\Users\a.alekseev\Documents\F030\EWARM/stm32f030x6_flash.icf
#        --semihosting --entry __iar_program_start --vfe --text_out locale)
#
###############################################################################

*******************************************************************************
*** RUNTIME MODEL ATTRIBUTES
***

CppFlavor       = *
__CPP_Runtime   = 1
__SystemLibrary = DLib
__dlib_version  = 6


*******************************************************************************
*** HEAP SELECTION
***

The basic heap was selected because no calls to memory allocation
functions were found in the application outside of system library
functions, and there are calls to deallocation functions in the
application.


*******************************************************************************
*** PLACEMENT SUMMARY
***

"A0":  place at address 0x800'0000 { ro section .intvec };
"P1":  place in [from 0x800'0000 to 0x800'7fff] { ro };
define block CSTACK with size = 1K, alignment = 8 { };
define block HEAP with size = 512, alignment = 8 { };
"P2":  place in [from 0x2000'0000 to 0x2000'0fff] {
          rw, block CSTACK, block HEAP };
initialize by copy { rw };

  Section            Kind         Address   Size  Object
  -------            ----         -------   ----  ------
"A0":                                       0xb0
  .intvec            ro code   0x800'0000   0xb0  startup_stm32f030x6.o [1]
                             - 0x800'00b0   0xb0

"P1":                                      0xf57
  .text              ro code   0x800'00b0  0x514  stm32f0xx_hal_rcc.o [4]
  .text              ro code   0x800'05c4    0xc  stm32f0xx_hal.o [4]
  .text              ro code   0x800'05d0   0x44  stm32f0xx_hal.o [4]
  .text              ro code   0x800'0614   0x36  I32DivMod.o [6]
  .text              ro code   0x800'064a   0x3e  packbits_init_single.o [6]
  .text              ro code   0x800'0688   0x78  stm32f0xx_hal_cortex.o [4]
  .text              ro code   0x800'0700    0x2  IntDivZer.o [6]
  .text              ro code   0x800'0702    0x2  startup_stm32f030x6.o [1]
  .text              ro code   0x800'0704  0x37c  stm32f0xx_hal_tim.o [4]
  .text              ro code   0x800'0a80   0xe4  tim.o [2]
  .text              ro code   0x800'0b64    0x2  stm32f0xx_hal_tim.o [4]
  .text              ro code   0x800'0b66   0x14  memset.o [6]
  .text              ro code   0x800'0b7a   0x9c  main.o [2]
  .text              ro code   0x800'0c16    0x2  startup_stm32f030x6.o [1]
  .text              ro code   0x800'0c18  0x1c8  stm32f0xx_hal_gpio.o [4]
  .text              ro code   0x800'0de0   0x4e  ABImemset.o [6]
  .text              ro code   0x800'0e2e    0x2  startup_stm32f030x6.o [1]
  .text              ro code   0x800'0e30   0x20  stm32f0xx_hal.o [4]
  .text              ro code   0x800'0e50   0x50  gpio.o [2]
  .text              ro code   0x800'0ea0   0x28  stm32f0xx_hal.o [4]
  .text              ro code   0x800'0ec8   0x30  stm32f0xx_hal_msp.o [2]
  .text              ro code   0x800'0ef8   0x28  data_init.o [6]
  .iar.init_table    const     0x800'0f20   0x10  - Linker created -
  .text              ro code   0x800'0f30   0x1e  cmain.o [6]
  .text              ro code   0x800'0f4e    0x4  low_level_init.o [5]
  .text              ro code   0x800'0f52    0x8  exit.o [5]
  .text              ro code   0x800'0f5a    0x2  startup_stm32f030x6.o [1]
  .text              ro code   0x800'0f5c    0xa  cexit.o [6]
  .text              ro code   0x800'0f66    0x2  startup_stm32f030x6.o [1]
  .text              ro code   0x800'0f68   0x14  exit.o [7]
  .text              ro code   0x800'0f7c   0x1c  cstartup_M.o [6]
  .text              ro code   0x800'0f98   0x14  system_stm32f0xx.o [3]
  .text              ro code   0x800'0fac   0x10  startup_stm32f030x6.o [1]
  .text              ro code   0x800'0fbc   0x10  stm32f0xx_hal.o [4]
  .text              ro code   0x800'0fcc   0x10  stm32f0xx_it.o [2]
  .text              ro code   0x800'0fdc    0x2  startup_stm32f030x6.o [1]
  .text              ro code   0x800'0fde    0x2  startup_stm32f030x6.o [1]
  .text              ro code   0x800'0fe0    0x2  startup_stm32f030x6.o [1]
  .text              ro code   0x800'0fe2    0x2  startup_stm32f030x6.o [1]
  .text              ro code   0x800'0fe4    0x2  startup_stm32f030x6.o [1]
  .text              ro code   0x800'0fe6    0x2  startup_stm32f030x6.o [1]
  .text              ro code   0x800'0fe8    0x2  startup_stm32f030x6.o [1]
  .text              ro code   0x800'0fea    0x2  startup_stm32f030x6.o [1]
  .text              ro code   0x800'0fec    0x2  startup_stm32f030x6.o [1]
  .text              ro code   0x800'0fee    0x2  startup_stm32f030x6.o [1]
  .text              ro code   0x800'0ff0    0x2  startup_stm32f030x6.o [1]
  .text              ro code   0x800'0ff2    0x2  startup_stm32f030x6.o [1]
  .text              ro code   0x800'0ff4    0x2  startup_stm32f030x6.o [1]
  .text              ro code   0x800'0ff6    0x2  startup_stm32f030x6.o [1]
  .text              ro code   0x800'0ff8    0x2  startup_stm32f030x6.o [1]
  .rodata            const     0x800'0ffa    0x0  packbits_init_single.o [6]
  Initializer bytes  const     0x800'0ffa    0xd  <for P2-1>
                             - 0x800'1007  0xf57

"P2", part 1 of 2:                          0x58
  P2-1                        0x2000'0000   0x58  <Init block>
    .data            inited   0x2000'0000    0xc  stm32f0xx_hal.o [4]
    .data            inited   0x2000'000c    0x4  system_stm32f0xx.o [3]
    .bss             inited   0x2000'0010   0x48  tim.o [2]
                            - 0x2000'0058   0x58

"P2", part 2 of 2:                         0x400
  CSTACK                      0x2000'0058  0x400  <Block>
    CSTACK           uninit   0x2000'0058  0x400  <Block tail>
                            - 0x2000'0458  0x400

Unused ranges:

         From           To    Size
         ----           --    ----
   0x800'1007   0x800'7fff  0x6ff9
  0x2000'0458  0x2000'0fff   0xba8


*******************************************************************************
*** INIT TABLE
***

          Address      Size
          -------      ----
Copy/packbits (__iar_packbits_init_single3)
    1 source range, total size 0xd (14% of destination):
           0x800'0ffa   0xd
    1 destination range, total size 0x58:
          0x2000'0000  0x58



*******************************************************************************
*** MODULE SUMMARY
***

    Module                  ro code  ro data  rw data
    ------                  -------  -------  -------
command line/config:
    -------------------------------------------------
    Total:

C:\Users\a.alekseev\Documents\F030\EWARM\F030\Obj\Application\EWARM: [1]
    startup_stm32f030x6.o       232
    -------------------------------------------------
    Total:                      232

C:\Users\a.alekseev\Documents\F030\EWARM\F030\Obj\Application\User\Core: [2]
    gpio.o                       80
    main.o                      156
    stm32f0xx_hal_msp.o          48
    stm32f0xx_it.o               16
    tim.o                       228       11       72
    -------------------------------------------------
    Total:                      528       11       72

C:\Users\a.alekseev\Documents\F030\EWARM\F030\Obj\Drivers\CMSIS: [3]
    system_stm32f0xx.o           20        1        4
    -------------------------------------------------
    Total:                       20        1        4

C:\Users\a.alekseev\Documents\F030\EWARM\F030\Obj\Drivers\STM32F0xx_HAL_Driver: [4]
    stm32f0xx_hal.o             168        1       12
    stm32f0xx_hal_cortex.o      120
    stm32f0xx_hal_gpio.o        456
    stm32f0xx_hal_rcc.o       1'300
    stm32f0xx_hal_tim.o         894
    -------------------------------------------------
    Total:                    2'938        1       12

dl6M_tln.a: [5]
    exit.o                        8
    low_level_init.o              4
    -------------------------------------------------
    Total:                       12

rt6M_tl.a: [6]
    ABImemset.o                  78
    I32DivMod.o                  54
    IntDivZer.o                   2
    cexit.o                      10
    cmain.o                      30
    cstartup_M.o                 28
    data_init.o                  40
    memset.o                     20
    packbits_init_single.o       62
    -------------------------------------------------
    Total:                      324

shb_l.a: [7]
    exit.o                       20
    -------------------------------------------------
    Total:                       20

    Linker created                        16    1'024
-----------------------------------------------------
    Grand Total:              4'074       29    1'112


*******************************************************************************
*** ENTRY LIST
***

Entry                       Address   Size  Type      Object
-----                       -------   ----  ----      ------
.iar.init_table$$Base    0x800'0f20          --   Gb  - Linker created -
.iar.init_table$$Limit   0x800'0f30          --   Gb  - Linker created -
?main                    0x800'0f31         Code  Gb  cmain.o [6]
AHBPrescTable            0x800'0f9c   0x10  Data  Gb  system_stm32f0xx.o [3]
CSTACK$$Base            0x2000'0058          --   Gb  - Linker created -
CSTACK$$Limit           0x2000'0458          --   Gb  - Linker created -
Error_Handler            0x800'0c13    0x4  Code  Gb  main.o [2]
HAL_Delay                0x800'0ea1   0x28  Code  Wk  stm32f0xx_hal.o [4]
HAL_GPIO_Init            0x800'0c19  0x194  Code  Gb  stm32f0xx_hal_gpio.o [4]
HAL_GPIO_TogglePin       0x800'0db9   0x10  Code  Gb  stm32f0xx_hal_gpio.o [4]
HAL_GPIO_WritePin        0x800'0dad    0xc  Code  Gb  stm32f0xx_hal_gpio.o [4]
HAL_GetTick              0x800'05c5    0xc  Code  Wk  stm32f0xx_hal.o [4]
HAL_IncTick              0x800'0fbd   0x10  Code  Wk  stm32f0xx_hal.o [4]
HAL_Init                 0x800'0e31   0x1a  Code  Gb  stm32f0xx_hal.o [4]
HAL_InitTick             0x800'05d1   0x44  Code  Wk  stm32f0xx_hal.o [4]
HAL_MspInit              0x800'0ec9   0x30  Code  Gb  stm32f0xx_hal_msp.o [2]
HAL_NVIC_SetPriority     0x800'06c3    0x8  Code  Gb  stm32f0xx_hal_cortex.o [4]
HAL_RCC_ClockConfig      0x800'043d   0xfc  Code  Gb  stm32f0xx_hal_rcc.o [4]
HAL_RCC_GetSysClockFreq
                         0x800'0541   0x3a  Code  Gb  stm32f0xx_hal_rcc.o [4]
HAL_RCC_GetSysClockFreq::aPLLMULFactorTable
                         0x800'05a4   0x10  Data  Lc  stm32f0xx_hal_rcc.o [4]
HAL_RCC_GetSysClockFreq::aPredivFactorTable
                         0x800'05b4   0x10  Data  Lc  stm32f0xx_hal_rcc.o [4]
HAL_RCC_OscConfig        0x800'00b1  0x37e  Code  Gb  stm32f0xx_hal_rcc.o [4]
HAL_SYSTICK_Config       0x800'06cb   0x28  Code  Gb  stm32f0xx_hal_cortex.o [4]
HAL_TIM_Base_Init        0x800'0705   0x1e  Code  Gb  stm32f0xx_hal_tim.o [4]
HAL_TIM_Base_MspInit     0x800'0ae5   0x20  Code  Gb  tim.o [2]
HAL_TIM_MspPostInit      0x800'0b05   0x4c  Code  Gb  tim.o [2]
HAL_TIM_PWM_ConfigChannel
                         0x800'077d   0xd4  Code  Gb  stm32f0xx_hal_tim.o [4]
HAL_TIM_PWM_Init         0x800'075f   0x1e  Code  Gb  stm32f0xx_hal_tim.o [4]
HardFault_Handler        0x800'0fcf    0x2  Code  Gb  stm32f0xx_it.o [2]
MX_GPIO_Init             0x800'0e51   0x50  Code  Gb  gpio.o [2]
MX_TIM14_Init            0x800'0a81   0x64  Code  Gb  tim.o [2]
NMI_Handler              0x800'0fcd    0x2  Code  Gb  stm32f0xx_it.o [2]
PendSV_Handler           0x800'0fd3    0x2  Code  Gb  stm32f0xx_it.o [2]
Region$$Table$$Base      0x800'0f20          --   Gb  - Linker created -
Region$$Table$$Limit     0x800'0f30          --   Gb  - Linker created -
SVC_Handler              0x800'0fd1    0x2  Code  Gb  stm32f0xx_it.o [2]
SysTick_Handler          0x800'0fd5    0x8  Code  Gb  stm32f0xx_it.o [2]
SystemClock_Config       0x800'0bb5   0x5e  Code  Gb  main.o [2]
SystemCoreClock         0x2000'000c    0x4  Data  Gb  system_stm32f0xx.o [3]
SystemInit               0x800'0f99    0x2  Code  Gb  system_stm32f0xx.o [3]
TIM_Base_SetConfig       0x800'0855   0x72  Code  Gb  stm32f0xx_hal_tim.o [4]
TIM_OC1_SetConfig        0x800'08c7   0x68  Code  Lc  stm32f0xx_hal_tim.o [4]
TIM_OC2_SetConfig        0x800'092f   0x62  Code  Gb  stm32f0xx_hal_tim.o [4]
TIM_OC3_SetConfig        0x800'0991   0x5e  Code  Lc  stm32f0xx_hal_tim.o [4]
TIM_OC4_SetConfig        0x800'09ef   0x4c  Code  Lc  stm32f0xx_hal_tim.o [4]
__ICFEDIT_region_RAM_end__ {Abs}
                        0x2000'0fff         Data  Gb  <internal module>
__ICFEDIT_region_RAM_start__ {Abs}
                        0x2000'0000         Data  Gb  <internal module>
__NVIC_SetPriority       0x800'0689   0x3a  Code  Lc  stm32f0xx_hal_cortex.o [4]
__aeabi_idiv0            0x800'0701         Code  Gb  IntDivZer.o [6]
__aeabi_memset           0x800'0de1         Code  Gb  ABImemset.o [6]
__cmain                  0x800'0f31         Code  Gb  cmain.o [6]
__exit                   0x800'0f69   0x14  Code  Gb  exit.o [7]
__iar_Memset4_word       0x800'0e01         Code  Gb  ABImemset.o [6]
__iar_Memset_word        0x800'0ded         Code  Gb  ABImemset.o [6]
__iar_data_init3         0x800'0ef9   0x28  Code  Gb  data_init.o [6]
__iar_packbits_init_single3
                         0x800'064b   0x3e  Code  Gb  packbits_init_single.o [6]
__iar_program_start      0x800'0f7d         Code  Gb  cstartup_M.o [6]
__iar_small_uidiv        0x800'0615         Code  Gb  I32DivMod.o [6]
__iar_small_uidivmod     0x800'0615         Code  Gb  I32DivMod.o [6]
__low_level_init         0x800'0f4f    0x4  Code  Gb  low_level_init.o [5]
__vector_table           0x800'0000         Data  Gb  startup_stm32f030x6.o [1]
_call_main               0x800'0f3d         Code  Gb  cmain.o [6]
_exit                    0x800'0f5d         Code  Gb  cexit.o [6]
exit                     0x800'0f53    0x8  Code  Gb  exit.o [5]
htim14                  0x2000'0010   0x48  Data  Gb  tim.o [2]
main                     0x800'0b7b   0x3a  Code  Gb  main.o [2]
memset                   0x800'0b67   0x14  Code  Gb  memset.o [6]
uwTick                  0x2000'0004    0x4  Data  Gb  stm32f0xx_hal.o [4]
uwTickFreq              0x2000'0000    0x1  Data  Gb  stm32f0xx_hal.o [4]
uwTickPrio              0x2000'0008    0x4  Data  Gb  stm32f0xx_hal.o [4]


[1] = C:\Users\a.alekseev\Documents\F030\EWARM\F030\Obj\Application\EWARM
[2] = C:\Users\a.alekseev\Documents\F030\EWARM\F030\Obj\Application\User\Core
[3] = C:\Users\a.alekseev\Documents\F030\EWARM\F030\Obj\Drivers\CMSIS
[4] = C:\Users\a.alekseev\Documents\F030\EWARM\F030\Obj\Drivers\STM32F0xx_HAL_Driver
[5] = dl6M_tln.a
[6] = rt6M_tl.a
[7] = shb_l.a

  4'074 bytes of readonly  code memory
     29 bytes of readonly  data memory
  1'112 bytes of readwrite data memory

Errors: none
Warnings: none
